
[1m[7m[36m RUN [39m[27m[22m [36mv2.1.9 [39m[90mD:/racymind/kalkulator-finansowy[39m

[90mstdout[2m | test/vitest/__tests__/modules/polishBonds/EdoCalculator.test.ts[2m > [22m[2mCalculator for EDO bonds[2m > [22m[2mVerify all years with Belka tax
[22m[39mMonth 1 interestRate: [33m0.0655[39m
Month 1 interest: [33m5.46[39m
Month 1 taxAmount: [33m1.04[39m
Month 1 accumulatedInterest: [33m5.46[39m
Month 1 accumulatedTaxAmount: [33m1.04[39m
Month 1 accumulatedProfit: [33m4.42[39m
Month 1 payout: [33m0[39m
Month 1 accumulatedRealProfit: [33m1.92[39m
Month 12 interestRate: [33m0.0655[39m
Month 12 interest: [33m5.46[39m
Month 12 taxAmount: [33m1.04[39m
Month 12 accumulatedInterest: [33m65.52[39m
Month 12 accumulatedTaxAmount: [33m12.48[39m
Month 12 accumulatedProfit: [33m53.04[39m
Month 12 payout: [33m0[39m
Month 12 accumulatedRealProfit: [33m23.04[39m
Month 13 interestRate: [33m0.05[39m
Month 13 interest: [33m4.39[39m
Month 13 taxAmount: [33m0.83[39m
Month 13 accumulatedInterest: [33m69.91[39m
Month 13 accumulatedTaxAmount: [33m13.31[39m
Month 13 accumulatedProfit: [33m56.6[39m
Month 13 payout: [33m0[39m
Month 13 accumulatedRealProfit: [33m24.1[39m
Month 24 interestRate: [33m0.05[39m
Month 24 interest: [33m4.39[39m
Month 24 taxAmount: [33m0.83[39m
Month 24 accumulatedInterest: [33m118.2[39m
Month 24 accumulatedTaxAmount: [33m22.44[39m
Month 24 accumulatedProfit: [33m95.76[39m
Month 24 payout: [33m0[39m
Month 24 accumulatedRealProfit: [33m35.76[39m
Month 60 interestRate: [33m0.05[39m
Month 60 interest: [33m4.94[39m
Month 60 taxAmount: [33m0.94[39m
Month 60 accumulatedInterest: [33m289.32[39m
Month 60 accumulatedTaxAmount: [33m54.96[39m
Month 60 accumulatedProfit: [33m234.36[39m
Month 60 payout: [33m0[39m
Month 60 accumulatedRealProfit: [33m84.36[39m
Month 120 interestRate: [33m0.05[39m
Month 120 interest: [33m6.03[39m
Month 120 taxAmount: [33m1.15[39m
Month 120 accumulatedInterest: [33m623.88[39m
Month 120 accumulatedTaxAmount: [33m118.68[39m
Month 120 accumulatedProfit: [33m505.2[39m
Month 120 payout: [33m1451.52[39m
Month 120 accumulatedRealProfit: [33m205.2[39m
Yearly rate: [33m0.038[39m

[90mstdout[2m | test/vitest/__tests__/modules/polishBonds/EdoCalculator.test.ts[2m > [22m[2mCalculator for EDO bonds[2m > [22m[2mVerify all years without Belka Tax
[22m[39mMonth 120 (no tax) interestRate: [33m0.05[39m
Month 120 (no tax) interest: [33m6.56[39m
Month 120 (no tax) taxAmount: [33m0[39m
Month 120 (no tax) accumulatedInterest: [33m653.04[39m
Month 120 (no tax) accumulatedTaxAmount: [33m0[39m
Month 120 (no tax) accumulatedProfit: [33m653.04[39m
Month 120 (no tax) payout: [33m1580.88[39m
Month 120 (no tax) accumulatedRealProfit: [33m353.04[39m
Yearly rate (no tax): [33m0.0469[39m

 [32mÔťô[39m test/vitest/__tests__/modules/polishBonds/EdoCalculator.test.ts [2m([22m[2m2 tests[22m[2m)[22m[90m 12[2mms[22m[39m

[2m Test Files [22m [1m[32m1 passed[39m[22m[90m (1)[39m
[2m      Tests [22m [1m[32m2 passed[39m[22m[90m (2)[39m
[2m   Start at [22m 21:43:42
[2m   Duration [22m 1.40s[2m (transform 135ms, setup 15ms, collect 308ms, tests 12ms, environment 423ms, prepare 140ms)[22m

